✅ DuckDBへの追記が完了しました
🕒 append対象日: 2025-05-28
🛤️ 使用するDBパス: /Users/satomi/Library/CloudStorage/GoogleDrive-itokeirinbu@gmail.com/マイドライブ/keirin_data.duckdb
🔍 check_odds = 0
📥 odds: /Users/satomi/Documents/keirin/GitHub/Keirin_ai_web/scripts/append/../../data/odds/2025/odds_2025-05-28.csv
⚠️ resultsファイルが見つかりません: /Users/satomi/Documents/keirin/GitHub/Keirin_ai_web/scripts/append/../../data/results/2025/results_2025-05-28.csv
✅ DuckDBへの追記が完了しました
✅ DuckDBへの追記が完了しました
✅ DuckDBへの追記が完了しました
✅ DuckDBへの追記が完了しました
🕒 append対象日: 2025-05-28
🛤️ 使用するDBパス: /Users/satomi/Library/CloudStorage/GoogleDrive-itokeirinbu@gmail.com/マイドライブ/keirin_data.duckdb
🔍 check_odds = 0
📥 odds: /Users/satomi/Documents/keirin/GitHub/Keirin_ai_web/scripts/append/../../data/odds/2025/odds_2025-05-28.csv
🔍 check_results = 0
📥 results: /Users/satomi/Documents/keirin/GitHub/Keirin_ai_web/scripts/append/../../data/results/2025/results_2025-05-28.csv
✅ DuckDBへの追記が完了しました
✅ DuckDBへの追記が完了しました
🕒 append対象日: 2025-05-28
🛤️ 使用するDBパス: /Users/satomi/Library/CloudStorage/GoogleDrive-itokeirinbu@gmail.com/マイドライブ/keirin_data.duckdb
🔍 check_odds = 61857
⏩ 2025-05-28 の odds は既に存在します。スキップします。
🔍 check_results = 556
⏩ 2025-05-28 の results は既に存在します。スキップします。
✅ DuckDBへの追記が完了しました
