==================== scrape_results_headless_yesterday.py START ====================
📅 対象日: 2025-05-29
🔍 2025-05-29 のレース結果を取得中...
🌐 リクエスト送信: https://www.chariloto.com/keirin/results/71/2025-05-29
📥 レスポンス受信: ページ長 = 231084
🌐 リクエスト送信: https://www.chariloto.com/keirin/results/37/2025-05-29
📥 レスポンス受信: ページ長 = 256337
🌐 リクエスト送信: https://www.chariloto.com/keirin/results/45/2025-05-29
📥 レスポンス受信: ページ長 = 256429
🌐 リクエスト送信: https://www.chariloto.com/keirin/results/51/2025-05-29
📥 レスポンス受信: ページ長 = 199509
🌐 リクエスト送信: https://www.chariloto.com/keirin/results/61/2025-05-29
📥 レスポンス受信: ページ長 = 237374
🌐 リクエスト送信: https://www.chariloto.com/keirin/results/85/2025-05-29
📥 レスポンス受信: ページ長 = 199025
🌐 リクエスト送信: https://www.chariloto.com/keirin/results/34/2025-05-29
📥 レスポンス受信: ページ長 = 237313
🌐 リクエスト送信: https://www.chariloto.com/keirin/results/21/2025-05-29
📥 レスポンス受信: ページ長 = 222914
🎯 出力件数: 560
✅ 保存完了: /Users/satomi/Documents/keirin/GitHub/Keirin_ai_web/scripts/results/../../data/results/2025/results_2025-05-29.csv
📦 ファイルサイズ: 52302 bytes
🎉 すべての期間の処理が完了しました。
