==================== scrape_results_headless_yesterday.py START ====================
📅 対象日: 2025-05-28
🔍 2025-05-28 のレース結果を取得中...
🌐 リクエスト送信: https://www.chariloto.com/keirin/results/87/2025-05-28
📥 レスポンス受信: ページ長 = 215336
🌐 リクエスト送信: https://www.chariloto.com/keirin/results/11/2025-05-28
📥 レスポンス受信: ページ長 = 208380
🌐 リクエスト送信: https://www.chariloto.com/keirin/results/85/2025-05-28
📥 レスポンス受信: ページ長 = 198878
🌐 リクエスト送信: https://www.chariloto.com/keirin/results/37/2025-05-28
📥 レスポンス受信: ページ長 = 256870
🌐 リクエスト送信: https://www.chariloto.com/keirin/results/81/2025-05-28
📥 レスポンス受信: ページ長 = 225672
🌐 リクエスト送信: https://www.chariloto.com/keirin/results/45/2025-05-28
📥 レスポンス受信: ページ長 = 257278
🌐 リクエスト送信: https://www.chariloto.com/keirin/results/21/2025-05-28
📥 レスポンス受信: ページ長 = 223280
🌐 リクエスト送信: https://www.chariloto.com/keirin/results/51/2025-05-28
📥 レスポンス受信: ページ長 = 198937
🎯 出力件数: 556
✅ 保存完了: /Users/satomi/Documents/keirin/GitHub/Keirin_ai_web/scripts/results/../../data/results/2025/results_2025-05-28.csv
📦 ファイルサイズ: 51746 bytes
🎉 すべての期間の処理が完了しました。
